=== mps 23:12:16

make mps  |  model: /Users/robitec/Desktop/Projects/gemma3.c/gemma-3-4b-it  |  context: 4096
load: 4.39 s

test                             tokens/s     ms/token
---------------------------- ------------ ------------
prefill pp64                       305.50         3.27
prefill pp256                      287.12         3.48
prefill pp1024                     275.91         3.62
decode tg128                        12.82        78.03
decode tg128 @ depth 2048           11.55        86.59
generate (sampled) tg128             8.86       112.82   (incl. 64-token prefill)
tokenizer (bytes/s)               1039918            -   (4064 bytes -> 722 tokens in 3.9 ms)

peak RSS: 8264 MB
=== cpu 23:21:26

make  |  model: /Users/robitec/Desktop/Projects/gemma3.c/gemma-3-4b-it  |  context: 4096
load: 5.61 s

test                             tokens/s     ms/token
---------------------------- ------------ ------------
prefill pp64                        66.01        15.15
prefill pp256                       39.93        25.05
prefill pp1024                      37.01        27.02
decode tg128                         6.61       151.27
decode tg128 @ depth 2048            7.44       134.40
generate (sampled) tg128             6.28       159.26   (incl. 64-token prefill)
tokenizer (bytes/s)               2203905            -   (4064 bytes -> 722 tokens in 1.8 ms)

peak RSS: 8588 MB
=== blas 23:35:15

make blas  |  model: /Users/robitec/Desktop/Projects/gemma3.c/gemma-3-4b-it  |  context: 4096
load: 0.92 s

test                             tokens/s     ms/token
---------------------------- ------------ ------------
prefill pp64                        86.84        11.52
prefill pp256                      154.32         6.48
prefill pp1024                     148.33         6.74
decode tg128                         8.19       122.05
generate (sampled) tg128             7.41       134.89   (incl. 64-token prefill)

peak RSS: 8667 MB
=== done 23:36:28
